harsh@harsh:~$ su hduser
Password: 

hduser@harsh:/home/harsh$ cd

hduser@harsh:~$ pwd
/home/hduser

hduser@harsh:~$ mkdir analyzelogs

hduser@harsh:~$ ls
analyzelogs  Documents  hadoop-2.9.0.tar.gz  Pictures  snap       Videos
Desktop      Downloads  Music                Public    Templates

hduser@harsh:~$ sudo cp /home/harsh/Downloads/Data/* ~/analyzelogs/
[sudo] password for hduser: 
cp: cannot stat '/home/harsh/Downloads/Data/*': No such file or directory

hduser@harsh:~$ cp /home/harsh/Downloads/Data/* ~/analyzelogs/
cp: cannot stat '/home/harsh/Downloads/Data/*': Permission denied

hduser@harsh:~$ sudo ls /home/harsh/Downloads/Data
access_log_short.csv		    WebLoggerDriver.java
access_log_short.docx		    WebLoggerMapper.java
access_log_short.txt		    WebLoggerReducer.java
hadoop-mapreduce-example-file.docx

hduser@harsh:~$ sudo cp /home/harsh/Downloads/Data/* ~/analyzelogs/
cp: cannot stat '/home/harsh/Downloads/Data/*': No such file or directory

hduser@harsh:~$ cd analyzelogs/

hduser@harsh:~/analyzelogs$ pwd
/home/hduser/analyzelogs

hduser@harsh:~/analyzelogs$ cd

hduser@harsh:~$ exit
exit

harsh@harsh:~$ cp /home/harsh/Downloads/Data/* /home/hduser/analyzelogs/
cp: failed to access '/home/hduser/analyzelogs/': Permission denied

harsh@harsh:~$ sudo cp /home/harsh/Downloads/Data/* /home/hduser/analyzelogs/
[sudo] password for harsh: 

harsh@harsh:~$ su hduser
Password: 

hduser@harsh:/home/harsh$ cd

hduser@harsh:~$ cd analyzelogs/

hduser@harsh:~/analyzelogs$ ls
access_log_short.csv                WebLoggerDriver.java
access_log_short.docx               WebLoggerMapper.java
access_log_short.txt                WebLoggerReducer.java
hadoop-mapreduce-example-file.docx

hduser@harsh:~/analyzelogs$ cd

hduser@harsh:~$ sudo chmod -R 777 analyzelogs/

hduser@harsh:~$ sudo chown -R hduser analyzelogs/

hduser@harsh:~$ cd analyzelogs/

hduser@harsh:~/analyzelogs$ sudo chmod +r *.*

hduser@harsh:~/analyzelogs$ export CLASSPATH="$HADOOP_HOME/share/hadoop/mapreduce/hadoop-mapreduce-client-core-2.9.0.jar:$HADOOP_HOME/share/hadoop/mapreduce/hadoop-mapreduce-client-common-2.9.0.jar:$HADOOP_HOME/share/hadoop/common/hadoop-common-2.9.0.jar:~/WebLogger/*:$HADOOP_HOME/lib/*"

hduser@harsh:~/analyzelogs$ sudo gedit Manifest.txt

sudo gedit Manifest.txt


//add following lines to it
Main-Class: WebLogger.WebLoggerDriver

hduser@harsh:~/analyzelogs$ javac -d . WebLoggerMapper.java WebLoggerReducer.java WebLoggerDriver.java 

hduser@harsh:~/analyzelogs$ ls
access_log_short.csv   access_log_short.txt                Manifest.txt  WebLoggerDriver.java  WebLoggerReducer.java
access_log_short.docx  hadoop-mapreduce-example-file.docx  WebLogger     WebLoggerMapper.java

hduser@harsh:~/analyzelogs$ cd WebLogger

hduser@harsh:~/analyzelogs/WebLogger$ ls
WebLoggerDriver.class  WebLoggerMapper.class  WebLoggerReducer.class

hduser@harsh:~/analyzelogs/WebLogger$ cd ..

hduser@harsh:~/analyzelogs$ jar -cfm analyzelogs.jar Manifest.txt WebLogger/*.class

hduser@harsh:~/analyzelogs$ ls
access_log_short.csv   access_log_short.txt  hadoop-mapreduce-example-file.docx  WebLogger             WebLoggerMapper.java
access_log_short.docx  analyzelogs.jar       Manifest.txt                        WebLoggerDriver.java  WebLoggerReducer.java

hduser@harsh:~/analyzelogs$ start-all.sh 
This script is Deprecated. Instead use start-dfs.sh and start-yarn.sh
24/05/05 11:39:09 WARN util.NativeCodeLoader: Unable to load native-hadoop library for your platform... using builtin-java classes where applicable
Starting namenodes on [localhost]
localhost: starting namenode, logging to /usr/local/hadoop/logs/hadoop-hduser-namenode-harsh.out
localhost: starting datanode, logging to /usr/local/hadoop/logs/hadoop-hduser-datanode-harsh.out
Starting secondary namenodes [0.0.0.0]
0.0.0.0: starting secondarynamenode, logging to /usr/local/hadoop/logs/hadoop-hduser-secondarynamenode-harsh.out
24/05/05 11:39:31 WARN util.NativeCodeLoader: Unable to load native-hadoop library for your platform... using builtin-java classes where applicable
starting yarn daemons
starting resourcemanager, logging to /usr/local/hadoop/logs/yarn-hduser-resourcemanager-harsh.out
localhost: starting nodemanager, logging to /usr/local/hadoop/logs/yarn-hduser-nodemanager-harsh.out

hduser@harsh:~/analyzelogs$ jps
17217 Jps
16643 SecondaryNameNode
16312 NameNode
16890 NodeManager
16778 ResourceManager
16431 DataNode

hduser@harsh:~/analyzelogs$ hadoop fs -put access_log_short.txt /input1
24/05/05 11:41:22 WARN util.NativeCodeLoader: Unable to load native-hadoop library for your platform... using builtin-java classes where applicable

hduser@harsh:~/analyzelogs$ hadoop jar analyzelogs.jar /input1 /output1
24/05/05 11:42:35 WARN util.NativeCodeLoader: Unable to load native-hadoop library for your platform... using builtin-java classes where applicable
24/05/05 11:42:36 INFO client.RMProxy: Connecting to ResourceManager at /0.0.0.0:8032
24/05/05 11:42:37 INFO client.RMProxy: Connecting to ResourceManager at /0.0.0.0:8032
24/05/05 11:42:37 WARN mapreduce.JobResourceUploader: Hadoop command-line option parsing not performed. Implement the Tool interface and execute your application with ToolRunner to remedy this.
24/05/05 11:42:37 INFO mapred.FileInputFormat: Total input files to process : 1
24/05/05 11:42:38 INFO mapreduce.JobSubmitter: number of splits:2
24/05/05 11:42:38 INFO Configuration.deprecation: yarn.resourcemanager.system-metrics-publisher.enabled is deprecated. Instead, use yarn.system-metrics-publisher.enabled
24/05/05 11:42:38 INFO mapreduce.JobSubmitter: Submitting tokens for job: job_1714889377088_0001
24/05/05 11:42:39 INFO impl.YarnClientImpl: Submitted application application_1714889377088_0001
24/05/05 11:42:40 INFO mapreduce.Job: The url to track the job: http://harsh:8088/proxy/application_1714889377088_0001/
24/05/05 11:42:40 INFO mapreduce.Job: Running job: job_1714889377088_0001
24/05/05 11:42:53 INFO mapreduce.Job: Job job_1714889377088_0001 running in uber mode : false
24/05/05 11:42:53 INFO mapreduce.Job:  map 0% reduce 0%
24/05/05 11:43:05 INFO mapreduce.Job:  map 100% reduce 0%
24/05/05 11:43:14 INFO mapreduce.Job:  map 100% reduce 100%
24/05/05 11:43:14 INFO mapreduce.Job: Job job_1714889377088_0001 completed successfully
24/05/05 11:43:15 INFO mapreduce.Job: Counters: 49
	File System Counters
		FILE: Number of bytes read=26800
		FILE: Number of bytes written=659326
		FILE: Number of read operations=0
		FILE: Number of large read operations=0
		FILE: Number of write operations=0
		HDFS: Number of bytes read=146049
		HDFS: Number of bytes written=3841
		HDFS: Number of read operations=9
		HDFS: Number of large read operations=0
		HDFS: Number of write operations=2
	Job Counters 
		Launched map tasks=2
		Launched reduce tasks=1
		Data-local map tasks=2
		Total time spent by all maps in occupied slots (ms)=19442
		Total time spent by all reduces in occupied slots (ms)=5815
		Total time spent by all map tasks (ms)=19442
		Total time spent by all reduce tasks (ms)=5815
		Total vcore-milliseconds taken by all map tasks=19442
		Total vcore-milliseconds taken by all reduce tasks=5815
		Total megabyte-milliseconds taken by all map tasks=19908608
		Total megabyte-milliseconds taken by all reduce tasks=5954560
	Map-Reduce Framework
		Map input records=1296
		Map output records=1296
		Map output bytes=24202
		Map output materialized bytes=26806
		Input split bytes=160
		Combine input records=0
		Combine output records=0
		Reduce input groups=228
		Reduce shuffle bytes=26806
		Reduce input records=1296
		Reduce output records=228
		Spilled Records=2592
		Shuffled Maps =2
		Failed Shuffles=0
		Merged Map outputs=2
		GC time elapsed (ms)=633
		CPU time spent (ms)=3170
		Physical memory (bytes) snapshot=779603968
		Virtual memory (bytes) snapshot=5646888960
		Total committed heap usage (bytes)=516423680
	Shuffle Errors
		BAD_ID=0
		CONNECTION=0
		IO_ERROR=0
		WRONG_LENGTH=0
		WRONG_MAP=0
		WRONG_REDUCE=0
	File Input Format Counters 
		Bytes Read=145889
	File Output Format Counters 
		Bytes Written=3841


